../Core/Src/motor_control.c:21:14:clamp	24	static
../Core/Src/motor_control.c:28:13:setPWM_Left	24	static
../Core/Src/motor_control.c:35:13:setPWM_Right	24	static
../Core/Src/motor_control.c:43:13:Left_Forward	8	static
../Core/Src/motor_control.c:49:13:Right_Forward	8	static
../Core/Src/motor_control.c:55:13:Right_Backward	8	static
../Core/Src/motor_control.c:63:6:Motor_Init	8	static
../Core/Src/motor_control.c:71:6:Motor_Stop	8	static
../Core/Src/motor_control.c:82:6:Motor_Forward	16	static
../Core/Src/motor_control.c:91:6:Motor_RotateRight	16	static
../Core/Src/motor_control.c:101:6:Motor_ApplyPID	32	static
