Archive member included to satisfy reference by file (symbol)

C:/ST/STM32CubeIDE_1.19.0/STM32CubeIDE/plugins/com.st.stm32cube.ide.mcu.externaltools.gnu-tools-for-stm32.13.3.rel1.win32_1.0.0.202411081344/tools/bin/../lib/gcc/arm-none-eabi/13.3.1/../../../../arm-none-eabi/lib/thumb/v7-m/nofp\libc_nano.a(libc_a-exit.o)
                              C:/ST/STM32CubeIDE_1.19.0/STM32CubeIDE/plugins/com.st.stm32cube.ide.mcu.externaltools.gnu-tools-for-stm32.13.3.rel1.win32_1.0.0.202411081344/tools/bin/../lib/gcc/arm-none-eabi/13.3.1/../../../../arm-none-eabi/lib/thumb/v7-m/nofp/crt0.o (exit)
C:/ST/STM32CubeIDE_1.19.0/STM32CubeIDE/plugins/com.st.stm32cube.ide.mcu.externaltools.gnu-tools-for-stm32.13.3.rel1.win32_1.0.0.202411081344/tools/bin/../lib/gcc/arm-none-eabi/13.3.1/../../../../arm-none-eabi/lib/thumb/v7-m/nofp\libc_nano.a(libc_a-findfp.o)
                              C:/ST/STM32CubeIDE_1.19.0/STM32CubeIDE/plugins/com.st.stm32cube.ide.mcu.externaltools.gnu-tools-for-stm32.13.3.rel1.win32_1.0.0.202411081344/tools/bin/../lib/gcc/arm-none-eabi/13.3.1/../../../../arm-none-eabi/lib/thumb/v7-m/nofp\libc_nano.a(libc_a-exit.o) (__stdio_exit_handler)
C:/ST/STM32CubeIDE_1.19.0/STM32CubeIDE/plugins/com.st.stm32cube.ide.mcu.externaltools.gnu-tools-for-stm32.13.3.rel1.win32_1.0.0.202411081344/tools/bin/../lib/gcc/arm-none-eabi/13.3.1/../../../../arm-none-eabi/lib/thumb/v7-m/nofp\libc_nano.a(libc_a-fwalk.o)
                              C:/ST/STM32CubeIDE_1.19.0/STM32CubeIDE/plugins/com.st.stm32cube.ide.mcu.externaltools.gnu-tools-for-stm32.13.3.rel1.win32_1.0.0.202411081344/tools/bin/../lib/gcc/arm-none-eabi/13.3.1/../../../../arm-none-eabi/lib/thumb/v7-m/nofp\libc_nano.a(libc_a-findfp.o) (_fwalk_sglue)
C:/ST/STM32CubeIDE_1.19.0/STM32CubeIDE/plugins/com.st.stm32cube.ide.mcu.externaltools.gnu-tools-for-stm32.13.3.rel1.win32_1.0.0.202411081344/tools/bin/../lib/gcc/arm-none-eabi/13.3.1/../../../../arm-none-eabi/lib/thumb/v7-m/nofp\libc_nano.a(libc_a-stdio.o)
                              C:/ST/STM32CubeIDE_1.19.0/STM32CubeIDE/plugins/com.st.stm32cube.ide.mcu.externaltools.gnu-tools-for-stm32.13.3.rel1.win32_1.0.0.202411081344/tools/bin/../lib/gcc/arm-none-eabi/13.3.1/../../../../arm-none-eabi/lib/thumb/v7-m/nofp\libc_nano.a(libc_a-findfp.o) (__sread)
C:/ST/STM32CubeIDE_1.19.0/STM32CubeIDE/plugins/com.st.stm32cube.ide.mcu.externaltools.gnu-tools-for-stm32.13.3.rel1.win32_1.0.0.202411081344/tools/bin/../lib/gcc/arm-none-eabi/13.3.1/../../../../arm-none-eabi/lib/thumb/v7-m/nofp\libc_nano.a(libc_a-memset.o)
                              C:/ST/STM32CubeIDE_1.19.0/STM32CubeIDE/plugins/com.st.stm32cube.ide.mcu.externaltools.gnu-tools-for-stm32.13.3.rel1.win32_1.0.0.202411081344/tools/bin/../lib/gcc/arm-none-eabi/13.3.1/../../../../arm-none-eabi/lib/thumb/v7-m/nofp/crt0.o (memset)
C:/ST/STM32CubeIDE_1.19.0/STM32CubeIDE/plugins/com.st.stm32cube.ide.mcu.externaltools.gnu-tools-for-stm32.13.3.rel1.win32_1.0.0.202411081344/tools/bin/../lib/gcc/arm-none-eabi/13.3.1/../../../../arm-none-eabi/lib/thumb/v7-m/nofp\libc_nano.a(libc_a-closer.o)
                              C:/ST/STM32CubeIDE_1.19.0/STM32CubeIDE/plugins/com.st.stm32cube.ide.mcu.externaltools.gnu-tools-for-stm32.13.3.rel1.win32_1.0.0.202411081344/tools/bin/../lib/gcc/arm-none-eabi/13.3.1/../../../../arm-none-eabi/lib/thumb/v7-m/nofp\libc_nano.a(libc_a-stdio.o) (_close_r)
C:/ST/STM32CubeIDE_1.19.0/STM32CubeIDE/plugins/com.st.stm32cube.ide.mcu.externaltools.gnu-tools-for-stm32.13.3.rel1.win32_1.0.0.202411081344/tools/bin/../lib/gcc/arm-none-eabi/13.3.1/../../../../arm-none-eabi/lib/thumb/v7-m/nofp\libc_nano.a(libc_a-reent.o)
                              C:/ST/STM32CubeIDE_1.19.0/STM32CubeIDE/plugins/com.st.stm32cube.ide.mcu.externaltools.gnu-tools-for-stm32.13.3.rel1.win32_1.0.0.202411081344/tools/bin/../lib/gcc/arm-none-eabi/13.3.1/../../../../arm-none-eabi/lib/thumb/v7-m/nofp\libc_nano.a(libc_a-closer.o) (errno)
C:/ST/STM32CubeIDE_1.19.0/STM32CubeIDE/plugins/com.st.stm32cube.ide.mcu.externaltools.gnu-tools-for-stm32.13.3.rel1.win32_1.0.0.202411081344/tools/bin/../lib/gcc/arm-none-eabi/13.3.1/../../../../arm-none-eabi/lib/thumb/v7-m/nofp\libc_nano.a(libc_a-impure.o)
                              C:/ST/STM32CubeIDE_1.19.0/STM32CubeIDE/plugins/com.st.stm32cube.ide.mcu.externaltools.gnu-tools-for-stm32.13.3.rel1.win32_1.0.0.202411081344/tools/bin/../lib/gcc/arm-none-eabi/13.3.1/../../../../arm-none-eabi/lib/thumb/v7-m/nofp\libc_nano.a(libc_a-reent.o) (_impure_ptr)
C:/ST/STM32CubeIDE_1.19.0/STM32CubeIDE/plugins/com.st.stm32cube.ide.mcu.externaltools.gnu-tools-for-stm32.13.3.rel1.win32_1.0.0.202411081344/tools/bin/../lib/gcc/arm-none-eabi/13.3.1/../../../../arm-none-eabi/lib/thumb/v7-m/nofp\libc_nano.a(libc_a-lseekr.o)
[...]
Memory Configuration

Name             Origin             Length             Attributes
RAM              0x20000000         0x00005000         xrw
FLASH            0x08000000         0x00010000         xr
*default*        0x00000000         0xffffffff

Linker script and memory map

LOAD C:/ST/STM32CubeIDE_1.19.0/STM32CubeIDE/plugins/com.st.stm32cube.ide.mcu.externaltools.gnu-tools-for-stm32.13.3.rel1.win32_1.0.0.202411081344/tools/bin/../lib/gcc/arm-none-eabi/13.3.1/thumb/v7-m/nofp/crti.o
LOAD C:/ST/STM32CubeIDE_1.19.0/STM32CubeIDE/plugins/com.st.stm32cube.ide.mcu.externaltools.gnu-tools-for-stm32.13.3.rel1.win32_1.0.0.202411081344/tools/bin/../lib/gcc/arm-none-eabi/13.3.1/thumb/v7-m/nofp/crtbegin.o
LOAD C:/ST/STM32CubeIDE_1.19.0/STM32CubeIDE/plugins/com.st.stm32cube.ide.mcu.externaltools.gnu-tools-for-stm32.13.3.rel1.win32_1.0.0.202411081344/tools/bin/../lib/gcc/arm-none-eabi/13.3.1/../../../../arm-none-eabi/lib/thumb/v7-m/nofp/crt0.o
LOAD ./Core/Src/ESP32_comm.o
LOAD ./Core/Src/controllers.o
LOAD ./Core/Src/gpio.o
LOAD ./Core/Src/line_sensor_weight.o
LOAD ./Core/Src/main.o
LOAD ./Core/Src/motor_control.o
LOAD ./Core/Src/states_handling.o
LOAD ./Core/Src/stm32f1xx_hal_msp.o
LOAD ./Core/Src/stm32f1xx_it.o
LOAD ./Core/Src/syscalls.o
LOAD ./Core/Src/sysmem.o
LOAD ./Core/Src/system_stm32f1xx.o
LOAD ./Core/Src/tim.o
LOAD ./Core/Src/usart.o
LOAD ./Core/Startup/startup_stm32f103c8tx.o
LOAD ./Drivers/STM32F1xx_HAL_Driver/stm32f1xx_hal.o
LOAD ./Drivers/STM32F1xx_HAL_Driver/stm32f1xx_hal_cortex.o
LOAD ./Drivers/STM32F1xx_HAL_Driver/stm32f1xx_hal_dma.o
LOAD ./Drivers/STM32F1xx_HAL_Driver/stm32f1xx_hal_exti.o
LOAD ./Drivers/STM32F1xx_HAL_Driver/stm32f1xx_hal_flash.o
LOAD ./Drivers/STM32F1xx_HAL_Driver/stm32f1xx_hal_flash_ex.o
LOAD ./Drivers/STM32F1xx_HAL_Driver/stm32f1xx_hal_gpio.o
LOAD ./Drivers/STM32F1xx_HAL_Driver/stm32f1xx_hal_gpio_ex.o
LOAD ./Drivers/STM32F1xx_HAL_Driver/stm32f1xx_hal_pwr.o
LOAD ./Drivers/STM32F1xx_HAL_Driver/stm32f1xx_hal_rcc.o
LOAD ./Drivers/STM32F1xx_HAL_Driver/stm32f1xx_hal_rcc_ex.o
LOAD ./Drivers/STM32F1xx_HAL_Driver/stm32f1xx_hal_tim.o
LOAD ./Drivers/STM32F1xx_HAL_Driver/stm32f1xx_hal_tim_ex.o
LOAD ./Drivers/STM32F1xx_HAL_Driver/stm32f1xx_hal_uart.o
START GROUP
LOAD C:/ST/STM32CubeIDE_1.19.0/STM32CubeIDE/plugins/com.st.stm32cube.ide.mcu.externaltools.gnu-tools-for-stm32.13.3.rel1.win32_1.0.0.202411081344/tools/bin/../lib/gcc/arm-none-eabi/13.3.1/../../../../arm-none-eabi/lib/thumb/v7-m/nofp\libc_nano.a
LOAD C:/ST/STM32CubeIDE_1.19.0/STM32CubeIDE/plugins/com.st.stm32cube.ide.mcu.externaltools.gnu-tools-for-stm32.13.3.rel1.win32_1.0.0.202411081344/tools/bin/../lib/gcc/arm-none-eabi/13.3.1/../../../../arm-none-eabi/lib/thumb/v7-m/nofp\libm.a
END GROUP
START GROUP
LOAD C:/ST/STM32CubeIDE_1.19.0/STM32CubeIDE/plugins/com.st.stm32cube.ide.mcu.externaltools.gnu-tools-for-stm32.13.3.rel1.win32_1.0.0.202411081344/tools/bin/../lib/gcc/arm-none-eabi/13.3.1/thumb/v7-m/nofp\libgcc.a
LOAD C:/ST/STM32CubeIDE_1.19.0/STM32CubeIDE/plugins/com.st.stm32cube.ide.mcu.externaltools.gnu-tools-for-stm32.13.3.rel1.win32_1.0.0.202411081344/tools/bin/../lib/gcc/arm-none-eabi/13.3.1/../../../../arm-none-eabi/lib/thumb/v7-m/nofp\libc_nano.a
END GROUP
START GROUP
LOAD C:/ST/STM32CubeIDE_1.19.0/STM32CubeIDE/plugins/com.st.stm32cube.ide.mcu.externaltools.gnu-tools-for-stm32.13.3.rel1.win32_1.0.0.202411081344/tools/bin/../lib/gcc/arm-none-eabi/13.3.1/thumb/v7-m/nofp\libgcc.a
LOAD C:/ST/STM32CubeIDE_1.19.0/STM32CubeIDE/plugins/com.st.stm32cube.ide.mcu.externaltools.gnu-tools-for-stm32.13.3.rel1.win32_1.0.0.202411081344/tools/bin/../lib/gcc/arm-none-eabi/13.3.1/../../../../arm-none-eabi/lib/thumb/v7-m/nofp\libc_nano.a
LOAD C:/ST/STM32CubeIDE_1.19.0/STM32CubeIDE/plugins/com.st.stm32cube.ide.mcu.externaltools.gnu-tools-for-stm32.13.3.rel1.win32_1.0.0.202411081344/tools/bin/../lib/gcc/arm-none-eabi/13.3.1/../../../../arm-none-eabi/lib/thumb/v7-m/nofp\libnosys.a
END GROUP
START GROUP
LOAD C:/ST/STM32CubeIDE_1.19.0/STM32CubeIDE/plugins/com.st.stm32cube.ide.mcu.externaltools.gnu-tools-for-stm32.13.3.rel1.win32_1.0.0.202411081344/tools/bin/../lib/gcc/arm-none-eabi/13.3.1/thumb/v7-m/nofp\libgcc.a
LOAD C:/ST/STM32CubeIDE_1.19.0/STM32CubeIDE/plugins/com.st.stm32cube.ide.mcu.externaltools.gnu-tools-for-stm32.13.3.rel1.win32_1.0.0.202411081344/tools/bin/../lib/gcc/arm-none-eabi/13.3.1/../../../../arm-none-eabi/lib/thumb/v7-m/nofp\libc_nano.a
LOAD C:/ST/STM32CubeIDE_1.19.0/STM32CubeIDE/plugins/com.st.stm32cube.ide.mcu.externaltools.gnu-tools-for-stm32.13.3.rel1.win32_1.0.0.202411081344/tools/bin/../lib/gcc/arm-none-eabi/13.3.1/../../../../arm-none-eabi/lib/thumb/v7-m/nofp\libnosys.a
END GROUP
LOAD C:/ST/STM32CubeIDE_1.19.0/STM32CubeIDE/plugins/com.st.stm32cube.ide.mcu.externaltools.gnu-tools-for-stm32.13.3.rel1.win32_1.0.0.202411081344/tools/bin/../lib/gcc/arm-none-eabi/13.3.1/thumb/v7-m/nofp/crtend.o
LOAD C:/ST/STM32CubeIDE_1.19.0/STM32CubeIDE/plugins/com.st.stm32cube.ide.mcu.externaltools.gnu-tools-for-stm32.13.3.rel1.win32_1.0.0.202411081344/tools/bin/../lib/gcc/arm-none-eabi/13.3.1/thumb/v7-m/nofp/crtn.o
                0x20005000                        _estack = (ORIGIN (RAM) + LENGTH (RAM))
                0x00000200                        _Min_Heap_Size = 0x200
                0x00000400                        _Min_Stack_Size = 0x400

.isr_vector     0x08000000      0x10c
                0x08000000                        . = ALIGN (0x4)
 *(.isr_vector)
 .isr_vector    0x08000000      0x10c ./Core/Startup/startup_stm32f103c8tx.o
                0x08000000                g_pfnVectors
                0x0800010c                        . = ALIGN (0x4)

.text           0x0800010c     0x3054
                0x0800010c                        . = ALIGN (0x4)
 *(.text)
 .text          0x0800010c       0x40 C:/ST/STM32CubeIDE_1.19.0/STM32CubeIDE/plugins/com.st.stm32cube.ide.mcu.externaltools.gnu-tools-for-stm32.13.3.rel1.win32_1.0.0.202411081344/tools/bin/../lib/gcc/arm-none-eabi/13.3.1/thumb/v7-m/nofp/crtbegin.o
 .text          0x0800014c      0x378 C:/ST/STM32CubeIDE_1.19.0/STM32CubeIDE/plugins/com.st.stm32cube.ide.mcu.externaltools.gnu-tools-for-stm32.13.3.rel1.win32_1.0.0.202411081344/tools/bin/../lib/gcc/arm-none-eabi/13.3.1/thumb/v7-m/nofp\libgcc.a(_arm_addsubdf3.o)
                0x0800014c                __aeabi_drsub
                0x08000154                __aeabi_dsub
                0x08000154                __subdf3
                0x08000158                __aeabi_dadd
                0x08000158                __adddf3
                0x080003d0                __floatunsidf
                0x080003d0                __aeabi_ui2d
                0x080003f0                __floatsidf
                0x080003f0                __aeabi_i2d
                0x08000414                __aeabi_f2d
                0x08000414                __extendsfdf2
                0x08000458                __floatundidf
                0x08000458                __aeabi_ul2d
                0x08000468                __floatdidf
                0x08000468                __aeabi_l2d
 .text          0x080004c4      0x21c C:/ST/STM32CubeIDE_1.19.0/STM32CubeIDE/plugins/com.st.stm32cube.ide.mcu.externaltools.gnu-tools-for-stm32.13.3.rel1.win32_1.0.0.202411081344/tools/bin/../lib/gcc/arm-none-eabi/13.3.1/thumb/v7-m/nofp\libgcc.a(_arm_addsubsf3.o)
                0x080004c4                __aeabi_frsub
                0x080004cc                __subsf3
                0x080004cc                __aeabi_fsub
                0x080004d0                __aeabi_fadd
                0x080004d0                __addsf3
                0x08000630                __aeabi_ui2f
                0x08000630                __floatunsisf
                0x08000638                __aeabi_i2f
                0x08000638                __floatsisf
                0x08000654                __aeabi_ul2f
                0x08000654                __floatundisf
                0x08000664                __aeabi_l2f
                0x08000664                __floatdisf
 .text          0x080006e0      0x2a0 C:/ST/STM32CubeIDE_1.19.0/STM32CubeIDE/plugins/com.st.stm32cube.ide.mcu.externaltools.gnu-tools-for-stm32.13.3.rel1.win32_1.0.0.202411081344/tools/bin/../lib/gcc/arm-none-eabi/13.3.1/thumb/v7-m/nofp\libgcc.a(_arm_muldivsf3.o)
                0x080006e0                __mulsf3
                0x080006e0                __aeabi_fmul
                0x08000848                __aeabi_fdiv
                0x08000848                __divsf3
 .text          0x08000980       0xec C:/ST/STM32CubeIDE_1.19.0/STM32CubeIDE/plugins/com.st.stm32cube.ide.mcu.externaltools.gnu-tools-for-stm32.13.3.rel1.win32_1.0.0.202411081344/tools/bin/../lib/gcc/arm-none-eabi/13.3.1/thumb/v7-m/nofp\libgcc.a(_arm_cmpsf2.o)
                0x08000980                __gesf2
                0x08000980                __gtsf2
                0x08000988                __lesf2
                0x08000988                __ltsf2
                0x08000990                __nesf2
                0x08000990                __eqsf2
                0x08000990                __cmpsf2
                0x080009f0                __aeabi_cfrcmple
                0x080009f8                __aeabi_cfcmpeq
                0x080009f8                __aeabi_cfcmple
                0x08000a08                __aeabi_fcmpeq
                0x08000a1c                __aeabi_fcmplt
                0x08000a30                __aeabi_fcmple
                0x08000a44                __aeabi_fcmpge
                0x08000a58                __aeabi_fcmpgt
 .text          0x08000a6c       0x40 C:/ST/STM32CubeIDE_1.19.0/STM32CubeIDE/plugins/com.st.stm32cube.ide.mcu.externaltools.gnu-tools-for-stm32.13.3.rel1.win32_1.0.0.202411081344/tools/bin/../lib/gcc/arm-none-eabi/13.3.1/thumb/v7-m/nofp\libgcc.a(_arm_fixunssfsi.o)
                0x08000a6c                __fixunssfsi
                0x08000a6c                __aeabi_f2uiz
 *(.text*)
 .text.ESP32_Init
                0x08000aac       0x2a ./Core/Src/ESP32_comm.o
                0x08000aac                ESP32_Init
 *fill*         0x08000ad6        0x2 
 .text.ESP32_GetCommand
                0x08000ad8       0x5c ./Core/Src/ESP32_comm.o
                0x08000ad8                ESP32_GetCommand
 .text.PID_Init
                0x08000b34       0x46 ./Core/Src/controllers.o
                0x08000b34                PID_Init
 .text.PID_Reset
                0x08000b7a       0x22 ./Core/Src/controllers.o
                0x08000b7a                PID_Reset
 .text.PID_Compute
                0x08000b9c       0xc6 ./Core/Src/controllers.o
                0x08000b9c                PID_Compute
 *fill*         0x08000c62        0x2 
 .text.MX_GPIO_Init
                0x08000c64       0x9c ./Core/Src/gpio.o
                0x08000c64                MX_GPIO_Init
 .text.LineSensor_Init
                0x08000d00       0x48 ./Core/Src/line_sensor_weight.o
                0x08000d00                LineSensor_Init
 .text.LineSensor_Read
                0x08000d48       0x54 ./Core/Src/line_sensor_weight.o
                0x08000d48                LineSensor_Read
 .text.LineSensor_Compute
                0x08000d9c       0xa4 ./Core/Src/line_sensor_weight.o
                0x08000d9c                LineSensor_Compute
 .text.LineSensor_Update
                0x08000e40       0x1c ./Core/Src/line_sensor_weight.o
                0x08000e40                LineSensor_Update
 .text.main     0x08000e5c       0x40 ./Core/Src/main.o
                0x08000e5c                main
 .text.SystemClock_Config
                0x08000e9c       0x80 ./Core/Src/main.o
                0x08000e9c                SystemClock_Config
 .text.Error_Handler
                0x08000f1c        0xc ./Core/Src/main.o
                0x08000f1c                Error_Handler
 .text.clamp    0x08000f28       0x3a ./Core/Src/motor_control.o
 *fill*         0x08000f62        0x2 
 .text.setPWM_Left
                0x08000f64       0x50 ./Core/Src/motor_control.o
 .text.setPWM_Right
                0x08000fb4       0x50 ./Core/Src/motor_control.o
 .text.Left_Forward
                0x08001004       0x24 ./Core/Src/motor_control.o
 .text.Right_Forward
                0x08001028       0x24 ./Core/Src/motor_control.o
 .text.Right_Backward
                0x0800104c       0x24 ./Core/Src/motor_control.o
 .text.Motor_Init
                0x08001070       0x20 ./Core/Src/motor_control.o
                0x08001070                Motor_Init
 .text.Motor_Stop
                0x08001090       0x4c ./Core/Src/motor_control.o
                0x08001090                Motor_Stop
 .text.Motor_Forward
                0x080010dc       0x24 ./Core/Src/motor_control.o
                0x080010dc                Motor_Forward
 .text.Motor_RotateRight
                0x08001100       0x24 ./Core/Src/motor_control.o
                0x08001100                Motor_RotateRight
 .text.Motor_ApplyPID
                0x08001124       0x6c ./Core/Src/motor_control.o
                0x08001124                Motor_ApplyPID
 .text.AGV_TransitionTo
                0x08001190       0x44 ./Core/Src/states_handling.o
 .text.AGV_HandleCommand
                0x080011d4       0x5c ./Core/Src/states_handling.o
 .text.State_FollowLine
                0x08001230       0x54 ./Core/Src/states_handling.o
 .text.State_LostLine
                0x08001284       0x4c ./Core/Src/states_handling.o
 .text.State_Rotate
                0x080012d0       0x30 ./Core/Src/states_handling.o
 .text.State_ReacquireLine
                0x08001300       0x58 ./Core/Src/states_handling.o
 .text.AGV_Init
                0x08001358       0x68 ./Core/Src/states_handling.o
                0x08001358                AGV_Init
 .text.AGV_Update
                0x080013c0       0x98 ./Core/Src/states_handling.o
                0x080013c0                AGV_Update
 .text.HAL_MspInit
                0x08001458       0x64 ./Core/Src/stm32f1xx_hal_msp.o
                0x08001458                HAL_MspInit
 .text.NMI_Handler
                0x080014bc        0x8 ./Core/Src/stm32f1xx_it.o
                0x080014bc                NMI_Handler
 .text.HardFault_Handler
                0x080014c4        0x8 ./Core/Src/stm32f1xx_it.o
                0x080014c4                HardFault_Handler
 .text.MemManage_Handler
                0x080014cc        0x8 ./Core/Src/stm32f1xx_it.o
                0x080014cc                MemManage_Handler
 .text.BusFault_Handler
                0x080014d4        0x8 ./Core/Src/stm32f1xx_it.o
                0x080014d4                BusFault_Handler
 .text.UsageFault_Handler
                0x080014dc        0x8 ./Core/Src/stm32f1xx_it.o
                0x080014dc                UsageFault_Handler
 .text.SVC_Handler
                0x080014e4        0xc ./Core/Src/stm32f1xx_it.o
                0x080014e4                SVC_Handler
 .text.DebugMon_Handler
                0x080014f0        0xc ./Core/Src/stm32f1xx_it.o
                0x080014f0                DebugMon_Handler
 .text.PendSV_Handler
                0x080014fc        0xc ./Core/Src/stm32f1xx_it.o
                0x080014fc                PendSV_Handler
 .text.SysTick_Handler
                0x08001508        0xc ./Core/Src/stm32f1xx_it.o
                0x08001508                SysTick_Handler
 .text.SystemInit
                0x08001514        0xc ./Core/Src/system_stm32f1xx.o
                0x08001514                SystemInit
 .text.MX_TIM3_Init
                0x08001520       0xe0 ./Core/Src/tim.o
                0x08001520                MX_TIM3_Init
 .text.HAL_TIM_PWM_MspInit
                0x08001600       0x3c ./Core/Src/tim.o
                0x08001600                HAL_TIM_PWM_MspInit
 .text.HAL_TIM_MspPostInit
                0x0800163c       0x98 ./Core/Src/tim.o
                0x0800163c                HAL_TIM_MspPostInit
 .text.MX_USART1_UART_Init
                0x080016d4       0x54 ./Core/Src/usart.o
                0x080016d4                MX_USART1_UART_Init
 .text.HAL_UART_MspInit
                0x08001728       0x98 ./Core/Src/usart.o
                0x08001728                HAL_UART_MspInit
 .text.Reset_Handler
                0x080017c0       0x48 ./Core/Startup/startup_stm32f103c8tx.o
                0x080017c0                Reset_Handler
 .text.Default_Handler
                0x08001808        0x2 ./Core/Startup/startup_stm32f103c8tx.o
                0x08001808                RTC_Alarm_IRQHandler
                0x08001808                EXTI2_IRQHandler
                0x08001808                TIM1_CC_IRQHandler
                0x08001808                PVD_IRQHandler
                0x08001808                EXTI3_IRQHandler
                0x08001808                EXTI0_IRQHandler
                0x08001808                I2C2_EV_IRQHandler
                0x08001808                ADC1_2_IRQHandler
                0x08001808                SPI1_IRQHandler
                0x08001808                TAMPER_IRQHandler
                0x08001808                DMA1_Channel4_IRQHandler
                0x08001808                USART3_IRQHandler
                0x08001808                RTC_IRQHandler
                0x08001808                DMA1_Channel7_IRQHandler
                0x08001808                CAN1_RX1_IRQHandler
                0x08001808                TIM4_IRQHandler
                0x08001808                I2C1_EV_IRQHandler
                0x08001808                DMA1_Channel6_IRQHandler
                0x08001808                TIM3_IRQHandler
                0x08001808                RCC_IRQHandler
                0x08001808                TIM1_TRG_COM_IRQHandler
                0x08001808                DMA1_Channel1_IRQHandler
                0x08001808                Default_Handler
                0x08001808                EXTI15_10_IRQHandler
                0x08001808                EXTI9_5_IRQHandler
                0x08001808                SPI2_IRQHandler
                0x08001808                DMA1_Channel5_IRQHandler
                0x08001808                EXTI4_IRQHandler
                0x08001808                USB_LP_CAN1_RX0_IRQHandler
                0x08001808                USB_HP_CAN1_TX_IRQHandler
                0x08001808                DMA1_Channel3_IRQHandler
                0x08001808                TIM1_UP_IRQHandler
                0x08001808                WWDG_IRQHandler
                0x08001808                TIM2_IRQHandler
                0x08001808                TIM1_BRK_IRQHandler
                0x08001808                EXTI1_IRQHandler
                0x08001808                USART2_IRQHandler
                0x08001808                I2C2_ER_IRQHandler
                0x08001808                DMA1_Channel2_IRQHandler
                0x08001808                CAN1_SCE_IRQHandler
                0x08001808                FLASH_IRQHandler
                0x08001808                USART1_IRQHandler
                0x08001808                I2C1_ER_IRQHandler
                0x08001808                USBWakeUp_IRQHandler
 *fill*         0x0800180a        0x2 
 .text.HAL_Init
                0x0800180c       0x2c ./Drivers/STM32F1xx_HAL_Driver/stm32f1xx_hal.o
                0x0800180c                HAL_Init
 .text.HAL_InitTick
                0x08001838       0x60 ./Drivers/STM32F1xx_HAL_Driver/stm32f1xx_hal.o
                0x08001838                HAL_InitTick
 .text.HAL_IncTick
                0x08001898       0x24 ./Drivers/STM32F1xx_HAL_Driver/stm32f1xx_hal.o
                0x08001898                HAL_IncTick
 .text.HAL_GetTick
                0x080018bc       0x14 ./Drivers/STM32F1xx_HAL_Driver/stm32f1xx_hal.o
                0x080018bc                HAL_GetTick
 .text.__NVIC_SetPriorityGrouping
                0x080018d0       0x48 ./Drivers/STM32F1xx_HAL_Driver/stm32f1xx_hal_cortex.o
 .text.__NVIC_GetPriorityGrouping
                0x08001918       0x1c ./Drivers/STM32F1xx_HAL_Driver/stm32f1xx_hal_cortex.o
 .text.__NVIC_SetPriority
                0x08001934       0x54 ./Drivers/STM32F1xx_HAL_Driver/stm32f1xx_hal_cortex.o
 .text.NVIC_EncodePriority
                0x08001988       0x64 ./Drivers/STM32F1xx_HAL_Driver/stm32f1xx_hal_cortex.o
 .text.SysTick_Config
                0x080019ec       0x44 ./Drivers/STM32F1xx_HAL_Driver/stm32f1xx_hal_cortex.o
 .text.HAL_NVIC_SetPriorityGrouping
                0x08001a30       0x16 ./Drivers/STM32F1xx_HAL_Driver/stm32f1xx_hal_cortex.o
                0x08001a30                HAL_NVIC_SetPriorityGrouping
 .text.HAL_NVIC_SetPriority
                0x08001a46       0x38 ./Drivers/STM32F1xx_HAL_Driver/stm32f1xx_hal_cortex.o
                0x08001a46                HAL_NVIC_SetPriority
 .text.HAL_SYSTICK_Config
                0x08001a7e       0x18 ./Drivers/STM32F1xx_HAL_Driver/stm32f1xx_hal_cortex.o
                0x08001a7e                HAL_SYSTICK_Config
 *fill*         0x08001a96        0x2 
 .text.HAL_GPIO_Init
                0x08001a98      0x308 ./Drivers/STM32F1xx_HAL_Driver/stm32f1xx_hal_gpio.o
                0x08001a98                HAL_GPIO_Init
 .text.HAL_GPIO_ReadPin
                0x08001da0       0x2e ./Drivers/STM32F1xx_HAL_Driver/stm32f1xx_hal_gpio.o
                0x08001da0                HAL_GPIO_ReadPin
 .text.HAL_GPIO_WritePin
                0x08001dce       0x30 ./Drivers/STM32F1xx_HAL_Driver/stm32f1xx_hal_gpio.o
                0x08001dce                HAL_GPIO_WritePin
 *fill*         0x08001dfe        0x2 
 .text.HAL_RCC_OscConfig
                0x08001e00      0x504 ./Drivers/STM32F1xx_HAL_Driver/stm32f1xx_hal_rcc.o
                0x08001e00                HAL_RCC_OscConfig
 .text.HAL_RCC_ClockConfig
                0x08002304      0x1d4 ./Drivers/STM32F1xx_HAL_Driver/stm32f1xx_hal_rcc.o
                0x08002304                HAL_RCC_ClockConfig
 .text.HAL_RCC_GetSysClockFreq
                0x080024d8       0xa8 ./Drivers/STM32F1xx_HAL_Driver/stm32f1xx_hal_rcc.o
                0x080024d8                HAL_RCC_GetSysClockFreq
 .text.HAL_RCC_GetHCLKFreq
                0x08002580       0x14 ./Drivers/STM32F1xx_HAL_Driver/stm32f1xx_hal_rcc.o
                0x08002580                HAL_RCC_GetHCLKFreq
 .text.HAL_RCC_GetPCLK1Freq
                0x08002594       0x28 ./Drivers/STM32F1xx_HAL_Driver/stm32f1xx_hal_rcc.o
                0x08002594                HAL_RCC_GetPCLK1Freq
 .text.HAL_RCC_GetPCLK2Freq
                0x080025bc       0x28 ./Drivers/STM32F1xx_HAL_Driver/stm32f1xx_hal_rcc.o
                0x080025bc                HAL_RCC_GetPCLK2Freq
 .text.RCC_Delay
                0x080025e4       0x3c ./Drivers/STM32F1xx_HAL_Driver/stm32f1xx_hal_rcc.o
 .text.HAL_TIM_PWM_Init
                0x08002620       0x9e ./Drivers/STM32F1xx_HAL_Driver/stm32f1xx_hal_tim.o
                0x08002620                HAL_TIM_PWM_Init
 *fill*         0x080026be        0x2 
 .text.HAL_TIM_PWM_Start
                0x080026c0      0x144 ./Drivers/STM32F1xx_HAL_Driver/stm32f1xx_hal_tim.o
                0x080026c0                HAL_TIM_PWM_Start
 .text.HAL_TIM_PWM_ConfigChannel
                0x08002804      0x184 ./Drivers/STM32F1xx_HAL_Driver/stm32f1xx_hal_tim.o
                0x08002804                HAL_TIM_PWM_ConfigChannel
 .text.TIM_Base_SetConfig
                0x08002988       0xdc ./Drivers/STM32F1xx_HAL_Driver/stm32f1xx_hal_tim.o
                0x08002988                TIM_Base_SetConfig
 .text.TIM_OC1_SetConfig
                0x08002a64       0xcc ./Drivers/STM32F1xx_HAL_Driver/stm32f1xx_hal_tim.o
 .text.TIM_OC2_SetConfig
                0x08002b30       0xd4 ./Drivers/STM32F1xx_HAL_Driver/stm32f1xx_hal_tim.o
                0x08002b30                TIM_OC2_SetConfig
 .text.TIM_OC3_SetConfig
                0x08002c04       0xd4 ./Drivers/STM32F1xx_HAL_Driver/stm32f1xx_hal_tim.o
 .text.TIM_OC4_SetConfig
                0x08002cd8       0x9c ./Drivers/STM32F1xx_HAL_Driver/stm32f1xx_hal_tim.o
 .text.TIM_CCxChannelCmd
                0x08002d74       0x48 ./Drivers/STM32F1xx_HAL_Driver/stm32f1xx_hal_tim.o
                0x08002d74                TIM_CCxChannelCmd
 .text.HAL_TIMEx_MasterConfigSynchronization
                0x08002dbc       0xbc ./Drivers/STM32F1xx_HAL_Driver/stm32f1xx_hal_tim_ex.o
                0x08002dbc                HAL_TIMEx_MasterConfigSynchronization
 .text.HAL_UART_Init
                0x08002e78       0xa0 ./Drivers/STM32F1xx_HAL_Driver/stm32f1xx_hal_uart.o
                0x08002e78                HAL_UART_Init
 .text.HAL_UART_Receive_IT
                0x08002f18       0x4a ./Drivers/STM32F1xx_HAL_Driver/stm32f1xx_hal_uart.o
                0x08002f18                HAL_UART_Receive_IT
 .text.UART_Start_Receive_IT
                0x08002f62       0x72 ./Drivers/STM32F1xx_HAL_Driver/stm32f1xx_hal_uart.o
                0x08002f62                UART_Start_Receive_IT
 .text.UART_SetConfig
                0x08002fd4      0x11c ./Drivers/STM32F1xx_HAL_Driver/stm32f1xx_hal_uart.o
 .text.memset   0x080030f0       0x10 C:/ST/STM32CubeIDE_1.19.0/STM32CubeIDE/plugins/com.st.stm32cube.ide.mcu.externaltools.gnu-tools-for-stm32.13.3.rel1.win32_1.0.0.202411081344/tools/bin/../lib/gcc/arm-none-eabi/13.3.1/../../../../arm-none-eabi/lib/thumb/v7-m/nofp\libc_nano.a(libc_a-memset.o)
                0x080030f0                memset
 .text.__libc_init_array
                0x08003100       0x48 C:/ST/STM32CubeIDE_1.19.0/STM32CubeIDE/plugins/com.st.stm32cube.ide.mcu.externaltools.gnu-tools-for-stm32.13.3.rel1.win32_1.0.0.202411081344/tools/bin/../lib/gcc/arm-none-eabi/13.3.1/../../../../arm-none-eabi/lib/thumb/v7-m/nofp\libc_nano.a(libc_a-init.o)
                0x08003100                __libc_init_array
 *(.glue_7)
 .glue_7        0x08003148        0x0 linker stubs
 *(.glue_7t)
 .glue_7t       0x08003148        0x0 linker stubs
 *(.eh_frame)
 .eh_frame      0x08003148        0x0 C:/ST/STM32CubeIDE_1.19.0/STM32CubeIDE/plugins/com.st.stm32cube.ide.mcu.externaltools.gnu-tools-for-stm32.13.3.rel1.win32_1.0.0.202411081344/tools/bin/../lib/gcc/arm-none-eabi/13.3.1/thumb/v7-m/nofp/crtbegin.o
 *(.init)
 .init          0x08003148        0x4 C:/ST/STM32CubeIDE_1.19.0/STM32CubeIDE/plugins/com.st.stm32cube.ide.mcu.externaltools.gnu-tools-for-stm32.13.3.rel1.win32_1.0.0.202411081344/tools/bin/../lib/gcc/arm-none-eabi/13.3.1/thumb/v7-m/nofp/crti.o
                0x08003148                _init
 .init          0x0800314c        0x8 C:/ST/STM32CubeIDE_1.19.0/STM32CubeIDE/plugins/com.st.stm32cube.ide.mcu.externaltools.gnu-tools-for-stm32.13.3.rel1.win32_1.0.0.202411081344/tools/bin/../lib/gcc/arm-none-eabi/13.3.1/thumb/v7-m/nofp/crtn.o
 *(.fini)
 .fini          0x08003154        0x4 C:/ST/STM32CubeIDE_1.19.0/STM32CubeIDE/plugins/com.st.stm32cube.ide.mcu.externaltools.gnu-tools-for-stm32.13.3.rel1.win32_1.0.0.202411081344/tools/bin/../lib/gcc/arm-none-eabi/13.3.1/thumb/v7-m/nofp/crti.o
                0x08003154                _fini
 .fini          0x08003158        0x8 C:/ST/STM32CubeIDE_1.19.0/STM32CubeIDE/plugins/com.st.stm32cube.ide.mcu.externaltools.gnu-tools-for-stm32.13.3.rel1.win32_1.0.0.202411081344/tools/bin/../lib/gcc/arm-none-eabi/13.3.1/thumb/v7-m/nofp/crtn.o
                0x08003160                        . = ALIGN (0x4)
                0x08003160                        _etext = .

.vfp11_veneer   0x08003160        0x0
 .vfp11_veneer  0x08003160        0x0 linker stubs

.v4_bx          0x08003160        0x0
 .v4_bx         0x08003160        0x0 linker stubs

.iplt           0x08003160        0x0
 .iplt          0x08003160        0x0 C:/ST/STM32CubeIDE_1.19.0/STM32CubeIDE/plugins/com.st.stm32cube.ide.mcu.externaltools.gnu-tools-for-stm32.13.3.rel1.win32_1.0.0.202411081344/tools/bin/../lib/gcc/arm-none-eabi/13.3.1/thumb/v7-m/nofp/crtbegin.o

.rodata         0x08003160       0x4c
                0x08003160                        . = ALIGN (0x4)
 *(.rodata)
 *(.rodata*)
 .rodata.SENSOR_WEIGHTS
                0x08003160       0x14 ./Core/Src/line_sensor_weight.o
 .rodata.SENSOR_PINS
                0x08003174        0xa ./Core/Src/line_sensor_weight.o
 *fill*         0x0800317e        0x2 
 .rodata.AHBPrescTable
                0x08003180       0x10 ./Core/Src/system_stm32f1xx.o
                0x08003180                AHBPrescTable
 .rodata.APBPrescTable
                0x08003190        0x8 ./Core/Src/system_stm32f1xx.o
                0x08003190                APBPrescTable
 .rodata.aPLLMULFactorTable.1
                0x08003198       0x10 ./Drivers/STM32F1xx_HAL_Driver/stm32f1xx_hal_rcc.o
 .rodata.aPredivFactorTable.0
                0x080031a8        0x2 ./Drivers/STM32F1xx_HAL_Driver/stm32f1xx_hal_rcc.o
                0x080031ac                        . = ALIGN (0x4)
 *fill*         0x080031aa        0x2 

.ARM.extab      0x080031ac        0x0
                0x080031ac                        . = ALIGN (0x4)
 *(.ARM.extab* .gnu.linkonce.armextab.*)
                0x080031ac                        . = ALIGN (0x4)

.ARM            0x080031ac        0x0
                0x080031ac                        . = ALIGN (0x4)
                0x080031ac                        __exidx_start = .
 *(.ARM.exidx*)
                0x080031ac                        __exidx_end = .
                0x080031ac                        . = ALIGN (0x4)

.preinit_array  0x080031ac        0x0
                0x080031ac                        . = ALIGN (0x4)
                0x080031ac                        PROVIDE (__preinit_array_start = .)
 *(.preinit_array*)
                0x080031ac                        PROVIDE (__preinit_array_end = .)
                0x080031ac                        . = ALIGN (0x4)

.init_array     0x080031ac        0x4
                0x080031ac                        . = ALIGN (0x4)
                0x080031ac                        PROVIDE (__init_array_start = .)
 *(SORT_BY_NAME(.init_array.*))
 *(.init_array*)
 .init_array    0x080031ac        0x4 C:/ST/STM32CubeIDE_1.19.0/STM32CubeIDE/plugins/com.st.stm32cube.ide.mcu.externaltools.gnu-tools-for-stm32.13.3.rel1.win32_1.0.0.202411081344/tools/bin/../lib/gcc/arm-none-eabi/13.3.1/thumb/v7-m/nofp/crtbegin.o
                0x080031b0                        PROVIDE (__init_array_end = .)
                0x080031b0                        . = ALIGN (0x4)

.fini_array     0x080031b0        0x4
                0x080031b0                        . = ALIGN (0x4)
                [!provide]                        PROVIDE (__fini_array_start = .)
 *(SORT_BY_NAME(.fini_array.*))
 *(.fini_array*)
 .fini_array    0x080031b0        0x4 C:/ST/STM32CubeIDE_1.19.0/STM32CubeIDE/plugins/com.st.stm32cube.ide.mcu.externaltools.gnu-tools-for-stm32.13.3.rel1.win32_1.0.0.202411081344/tools/bin/../lib/gcc/arm-none-eabi/13.3.1/thumb/v7-m/nofp/crtbegin.o
                [!provide]                        PROVIDE (__fini_array_end = .)
                0x080031b4                        . = ALIGN (0x4)
                0x080031b4                        _sidata = LOADADDR (.data)

.rel.dyn        0x080031b4        0x0
 .rel.iplt      0x080031b4        0x0 C:/ST/STM32CubeIDE_1.19.0/STM32CubeIDE/plugins/com.st.stm32cube.ide.mcu.externaltools.gnu-tools-for-stm32.13.3.rel1.win32_1.0.0.202411081344/tools/bin/../lib/gcc/arm-none-eabi/13.3.1/thumb/v7-m/nofp/crtbegin.o

.data           0x20000000        0xc load address 0x080031b4
                0x20000000                        . = ALIGN (0x4)
                0x20000000                        _sdata = .
 *(.data)
 *(.data*)
 .data.SystemCoreClock
                0x20000000        0x4 ./Core/Src/system_stm32f1xx.o
                0x20000000                SystemCoreClock
 .data.uwTickPrio
                0x20000004        0x4 ./Drivers/STM32F1xx_HAL_Driver/stm32f1xx_hal.o
                0x20000004                uwTickPrio
 .data.uwTickFreq
                0x20000008        0x1 ./Drivers/STM32F1xx_HAL_Driver/stm32f1xx_hal.o
                0x20000008                uwTickFreq
 *(.RamFunc)
 *(.RamFunc*)
                0x2000000c                        . = ALIGN (0x4)
 *fill*         0x20000009        0x3 
                0x2000000c                        _edata = .

.igot.plt       0x2000000c        0x0 load address 0x080031c0
 .igot.plt      0x2000000c        0x0 C:/ST/STM32CubeIDE_1.19.0/STM32CubeIDE/plugins/com.st.stm32cube.ide.mcu.externaltools.gnu-tools-for-stm32.13.3.rel1.win32_1.0.0.202411081344/tools/bin/../lib/gcc/arm-none-eabi/13.3.1/thumb/v7-m/nofp/crtbegin.o
                0x2000000c                        . = ALIGN (0x4)

.bss            0x2000000c       0xf8 load address 0x080031c0
                0x2000000c                        _sbss = .
                0x2000000c                        __bss_start__ = _sbss
 *(.bss)
 .bss           0x2000000c       0x1c C:/ST/STM32CubeIDE_1.19.0/STM32CubeIDE/plugins/com.st.stm32cube.ide.mcu.externaltools.gnu-tools-for-stm32.13.3.rel1.win32_1.0.0.202411081344/tools/bin/../lib/gcc/arm-none-eabi/13.3.1/thumb/v7-m/nofp/crtbegin.o
 *(.bss*)
 .bss.agv       0x20000028       0x44 ./Core/Src/main.o
                0x20000028                agv
 .bss.rx_byte   0x2000006c        0x1 ./Core/Src/main.o
                0x2000006c                rx_byte
 *fill*         0x2000006d        0x3 
 .bss.htim3     0x20000070       0x48 ./Core/Src/tim.o
                0x20000070                htim3
 .bss.huart1    0x200000b8       0x48 ./Core/Src/usart.o
                0x200000b8                huart1
 .bss.uwTick    0x20000100        0x4 ./Drivers/STM32F1xx_HAL_Driver/stm32f1xx_hal.o
                0x20000100                uwTick
 *(COMMON)
                0x20000104                        . = ALIGN (0x4)
                0x20000104                        _ebss = .
                0x20000104                        __bss_end__ = _ebss

._user_heap_stack
                0x20000104      0x604 load address 0x080031c0
                0x20000108                        . = ALIGN (0x8)
 *fill*         0x20000104        0x4 
                [!provide]                        PROVIDE (end = .)
                0x20000108                        PROVIDE (_end = .)
                0x20000308                        . = (. + _Min_Heap_Size)
 *fill*         0x20000108      0x200 
                0x20000708                        . = (. + _Min_Stack_Size)
 *fill*         0x20000308      0x400 
                0x20000708                        . = ALIGN (0x8)

/DISCARD/
 libc.a(*)
 libm.a(*)
 libgcc.a(*)

.ARM.attributes
                0x00000000       0x29
 *(.ARM.attributes)
 .ARM.attributes
                0x00000000       0x1d C:/ST/STM32CubeIDE_1.19.0/STM32CubeIDE/plugins/com.st.stm32cube.ide.mcu.externaltools.gnu-tools-for-stm32.13.3.rel1.win32_1.0.0.202411081344/tools/bin/../lib/gcc/arm-none-eabi/13.3.1/thumb/v7-m/nofp/crti.o
 .ARM.attributes
                0x0000001d       0x2d C:/ST/STM32CubeIDE_1.19.0/STM32CubeIDE/plugins/com.st.stm32cube.ide.mcu.externaltools.gnu-tools-for-stm32.13.3.rel1.win32_1.0.0.202411081344/tools/bin/../lib/gcc/arm-none-eabi/13.3.1/thumb/v7-m/nofp/crtbegin.o
 .ARM.attributes
                0x0000004a       0x2d ./Core/Src/ESP32_comm.o
 .ARM.attributes
                0x00000077       0x2d ./Core/Src/controllers.o
 .ARM.attributes
                0x000000a4       0x2d ./Core/Src/gpio.o
 .ARM.attributes
                0x000000d1       0x2d ./Core/Src/line_sensor_weight.o
 .ARM.attributes
                0x000000fe       0x2d ./Core/Src/main.o
 .ARM.attributes
                0x0000012b       0x2d ./Core/Src/motor_control.o
 .ARM.attributes
                0x00000158       0x2d ./Core/Src/states_handling.o
 .ARM.attributes
                0x00000185       0x2d ./Core/Src/stm32f1xx_hal_msp.o
 .ARM.attributes
                0x000001b2       0x2d ./Core/Src/stm32f1xx_it.o
 .ARM.attributes
                0x000001df       0x2d ./Core/Src/system_stm32f1xx.o
 .ARM.attributes
                0x0000020c       0x2d ./Core/Src/tim.o
 .ARM.attributes
                0x00000239       0x2d ./Core/Src/usart.o
 .ARM.attributes
                0x00000266       0x21 ./Core/Startup/startup_stm32f103c8tx.o
 .ARM.attributes
                0x00000287       0x2d ./Drivers/STM32F1xx_HAL_Driver/stm32f1xx_hal.o
 .ARM.attributes
                0x000002b4       0x2d ./Drivers/STM32F1xx_HAL_Driver/stm32f1xx_hal_cortex.o
 .ARM.attributes
                0x000002e1       0x2d ./Drivers/STM32F1xx_HAL_Driver/stm32f1xx_hal_gpio.o
 .ARM.attributes
                0x0000030e       0x2d ./Drivers/STM32F1xx_HAL_Driver/stm32f1xx_hal_rcc.o
 .ARM.attributes
                0x0000033b       0x2d ./Drivers/STM32F1xx_HAL_Driver/stm32f1xx_hal_tim.o
 .ARM.attributes
                0x00000368       0x2d ./Drivers/STM32F1xx_HAL_Driver/stm32f1xx_hal_tim_ex.o
 .ARM.attributes
                0x00000395       0x2d ./Drivers/STM32F1xx_HAL_Driver/stm32f1xx_hal_uart.o
 .ARM.attributes
                0x000003c2       0x2d C:/ST/STM32CubeIDE_1.19.0/STM32CubeIDE/plugins/com.st.stm32cube.ide.mcu.externaltools.gnu-tools-for-stm32.13.3.rel1.win32_1.0.0.202411081344/tools/bin/../lib/gcc/arm-none-eabi/13.3.1/../../../../arm-none-eabi/lib/thumb/v7-m/nofp\libc_nano.a(libc_a-memset.o)
 .ARM.attributes
                0x000003ef       0x2d C:/ST/STM32CubeIDE_1.19.0/STM32CubeIDE/plugins/com.st.stm32cube.ide.mcu.externaltools.gnu-tools-for-stm32.13.3.rel1.win32_1.0.0.202411081344/tools/bin/../lib/gcc/arm-none-eabi/13.3.1/../../../../arm-none-eabi/lib/thumb/v7-m/nofp\libc_nano.a(libc_a-init.o)
 .ARM.attributes
                0x0000041c       0x1d C:/ST/STM32CubeIDE_1.19.0/STM32CubeIDE/plugins/com.st.stm32cube.ide.mcu.externaltools.gnu-tools-for-stm32.13.3.rel1.win32_1.0.0.202411081344/tools/bin/../lib/gcc/arm-none-eabi/13.3.1/thumb/v7-m/nofp\libgcc.a(_arm_addsubdf3.o)
 .ARM.attributes
                0x00000439       0x1d C:/ST/STM32CubeIDE_1.19.0/STM32CubeIDE/plugins/com.st.stm32cube.ide.mcu.externaltools.gnu-tools-for-stm32.13.3.rel1.win32_1.0.0.202411081344/tools/bin/../lib/gcc/arm-none-eabi/13.3.1/thumb/v7-m/nofp\libgcc.a(_arm_addsubsf3.o)
 .ARM.attributes
                0x00000456       0x1d C:/ST/STM32CubeIDE_1.19.0/STM32CubeIDE/plugins/com.st.stm32cube.ide.mcu.externaltools.gnu-tools-for-stm32.13.3.rel1.win32_1.0.0.202411081344/tools/bin/../lib/gcc/arm-none-eabi/13.3.1/thumb/v7-m/nofp\libgcc.a(_arm_muldivsf3.o)
 .ARM.attributes
                0x00000473       0x1d C:/ST/STM32CubeIDE_1.19.0/STM32CubeIDE/plugins/com.st.stm32cube.ide.mcu.externaltools.gnu-tools-for-stm32.13.3.rel1.win32_1.0.0.202411081344/tools/bin/../lib/gcc/arm-none-eabi/13.3.1/thumb/v7-m/nofp\libgcc.a(_arm_cmpsf2.o)
 .ARM.attributes
                0x00000490       0x1d C:/ST/STM32CubeIDE_1.19.0/STM32CubeIDE/plugins/com.st.stm32cube.ide.mcu.externaltools.gnu-tools-for-stm32.13.3.rel1.win32_1.0.0.202411081344/tools/bin/../lib/gcc/arm-none-eabi/13.3.1/thumb/v7-m/nofp\libgcc.a(_arm_fixunssfsi.o)
 .ARM.attributes
                0x000004ad       0x1d C:/ST/STM32CubeIDE_1.19.0/STM32CubeIDE/plugins/com.st.stm32cube.ide.mcu.externaltools.gnu-tools-for-stm32.13.3.rel1.win32_1.0.0.202411081344/tools/bin/../lib/gcc/arm-none-eabi/13.3.1/thumb/v7-m/nofp/crtn.o
OUTPUT(AGV_1.elf elf32-littlearm)
LOAD linker stubs
LOAD C:/ST/STM32CubeIDE_1.19.0/STM32CubeIDE/plugins/com.st.stm32cube.ide.mcu.externaltools.gnu-tools-for-stm32.13.3.rel1.win32_1.0.0.202411081344/tools/bin/../lib/gcc/arm-none-eabi/13.3.1/../../../../arm-none-eabi/lib/thumb/v7-m/nofp\libc.a
LOAD C:/ST/STM32CubeIDE_1.19.0/STM32CubeIDE/plugins/com.st.stm32cube.ide.mcu.externaltools.gnu-tools-for-stm32.13.3.rel1.win32_1.0.0.202411081344/tools/bin/../lib/gcc/arm-none-eabi/13.3.1/../../../../arm-none-eabi/lib/thumb/v7-m/nofp\libm.a
LOAD C:/ST/STM32CubeIDE_1.19.0/STM32CubeIDE/plugins/com.st.stm32cube.ide.mcu.externaltools.gnu-tools-for-stm32.13.3.rel1.win32_1.0.0.202411081344/tools/bin/../lib/gcc/arm-none-eabi/13.3.1/thumb/v7-m/nofp\libgcc.a

.debug_info     0x00000000     0xc4e5
 .debug_info    0x00000000      0x240 ./Core/Src/ESP32_comm.o
 .debug_info    0x00000240      0x18d ./Core/Src/controllers.o
 .debug_info    0x000003cd      0x29b ./Core/Src/gpio.o
 .debug_info    0x00000668      0x33a ./Core/Src/line_sensor_weight.o
 .debug_info    0x000009a2      0xa5e ./Core/Src/main.o
 .debug_info    0x00001400      0x88e ./Core/Src/motor_control.o
 .debug_info    0x00001c8e      0x5cf ./Core/Src/states_handling.o
 .debug_info    0x0000225d      0x1f1 ./Core/Src/stm32f1xx_hal_msp.o
 .debug_info    0x0000244e      0x113 ./Core/Src/stm32f1xx_it.o
 .debug_info    0x00002561      0x222 ./Core/Src/system_stm32f1xx.o
 .debug_info    0x00002783      0x9ae ./Core/Src/tim.o
 .debug_info    0x00003131      0x798 ./Core/Src/usart.o
 .debug_info    0x000038c9       0x30 ./Core/Startup/startup_stm32f103c8tx.o
 .debug_info    0x000038f9      0x704 ./Drivers/STM32F1xx_HAL_Driver/stm32f1xx_hal.o
 .debug_info    0x00003ffd      0xa87 ./Drivers/STM32F1xx_HAL_Driver/stm32f1xx_hal_cortex.o
 .debug_info    0x00004a84      0x5ab ./Drivers/STM32F1xx_HAL_Driver/stm32f1xx_hal_gpio.o
 .debug_info    0x0000502f      0x7d5 ./Drivers/STM32F1xx_HAL_Driver/stm32f1xx_hal_rcc.o
 .debug_info    0x00005804     0x2959 ./Drivers/STM32F1xx_HAL_Driver/stm32f1xx_hal_tim.o
 .debug_info    0x0000815d     0x149b ./Drivers/STM32F1xx_HAL_Driver/stm32f1xx_hal_tim_ex.o
 .debug_info    0x000095f8     0x2eed ./Drivers/STM32F1xx_HAL_Driver/stm32f1xx_hal_uart.o

.debug_abbrev   0x00000000     0x23a7
 .debug_abbrev  0x00000000      0x14f ./Core/Src/ESP32_comm.o
 .debug_abbrev  0x0000014f       0xf6 ./Core/Src/controllers.o
 .debug_abbrev  0x00000245      0x13f ./Core/Src/gpio.o
 .debug_abbrev  0x00000384      0x18d ./Core/Src/line_sensor_weight.o
 .debug_abbrev  0x00000511      0x24f ./Core/Src/main.o
 .debug_abbrev  0x00000760      0x22f ./Core/Src/motor_control.o
 .debug_abbrev  0x0000098f      0x1df ./Core/Src/states_handling.o
 .debug_abbrev  0x00000b6e       0xdb ./Core/Src/stm32f1xx_hal_msp.o
 .debug_abbrev  0x00000c49       0x73 ./Core/Src/stm32f1xx_it.o
 .debug_abbrev  0x00000cbc      0x13f ./Core/Src/system_stm32f1xx.o
 .debug_abbrev  0x00000dfb      0x23b ./Core/Src/tim.o
 .debug_abbrev  0x00001036      0x1e6 ./Core/Src/usart.o
 .debug_abbrev  0x0000121c       0x24 ./Core/Startup/startup_stm32f103c8tx.o
 .debug_abbrev  0x00001240      0x201 ./Drivers/STM32F1xx_HAL_Driver/stm32f1xx_hal.o
 .debug_abbrev  0x00001441      0x2f8 ./Drivers/STM32F1xx_HAL_Driver/stm32f1xx_hal_cortex.o
 .debug_abbrev  0x00001739      0x1ca ./Drivers/STM32F1xx_HAL_Driver/stm32f1xx_hal_gpio.o
 .debug_abbrev  0x00001903      0x2b3 ./Drivers/STM32F1xx_HAL_Driver/stm32f1xx_hal_rcc.o
 .debug_abbrev  0x00001bb6      0x277 ./Drivers/STM32F1xx_HAL_Driver/stm32f1xx_hal_tim.o
 .debug_abbrev  0x00001e2d      0x282 ./Drivers/STM32F1xx_HAL_Driver/stm32f1xx_hal_tim_ex.o
 .debug_abbrev  0x000020af      0x2f8 ./Drivers/STM32F1xx_HAL_Driver/stm32f1xx_hal_uart.o

.debug_aranges  0x00000000      0xd18
 .debug_aranges
                0x00000000       0x40 ./Core/Src/ESP32_comm.o
 .debug_aranges
                0x00000040       0x30 ./Core/Src/controllers.o
 .debug_aranges
                0x00000070       0x20 ./Core/Src/gpio.o
 .debug_aranges
                0x00000090       0x38 ./Core/Src/line_sensor_weight.o
 .debug_aranges
                0x000000c8       0x40 ./Core/Src/main.o
 .debug_aranges
                0x00000108       0x70 ./Core/Src/motor_control.o
 .debug_aranges
                0x00000178       0x60 ./Core/Src/states_handling.o
 .debug_aranges
                0x000001d8       0x20 ./Core/Src/stm32f1xx_hal_msp.o
 .debug_aranges
                0x000001f8       0x60 ./Core/Src/stm32f1xx_it.o
 .debug_aranges
                0x00000258       0x28 ./Core/Src/system_stm32f1xx.o
 .debug_aranges
                0x00000280       0x38 ./Core/Src/tim.o
 .debug_aranges
                0x000002b8       0x30 ./Core/Src/usart.o
 .debug_aranges
                0x000002e8       0x28 ./Core/Startup/startup_stm32f103c8tx.o
 .debug_aranges
                0x00000310       0xe0 ./Drivers/STM32F1xx_HAL_Driver/stm32f1xx_hal.o
 .debug_aranges
                0x000003f0      0x100 ./Drivers/STM32F1xx_HAL_Driver/stm32f1xx_hal_cortex.o
 .debug_aranges
                0x000004f0       0x58 ./Drivers/STM32F1xx_HAL_Driver/stm32f1xx_hal_gpio.o
 .debug_aranges
                0x00000548       0x90 ./Drivers/STM32F1xx_HAL_Driver/stm32f1xx_hal_rcc.o
 .debug_aranges
                0x000005d8      0x3d0 ./Drivers/STM32F1xx_HAL_Driver/stm32f1xx_hal_tim.o
 .debug_aranges
                0x000009a8      0x168 ./Drivers/STM32F1xx_HAL_Driver/stm32f1xx_hal_tim_ex.o
 .debug_aranges
                0x00000b10      0x208 ./Drivers/STM32F1xx_HAL_Driver/stm32f1xx_hal_uart.o

.debug_rnglists
                0x00000000      0xa18
 .debug_rnglists
                0x00000000       0x2b ./Core/Src/ESP32_comm.o
 .debug_rnglists
                0x0000002b       0x20 ./Core/Src/controllers.o
 .debug_rnglists
                0x0000004b       0x14 ./Core/Src/gpio.o
 .debug_rnglists
                0x0000005f       0x26 ./Core/Src/line_sensor_weight.o
 .debug_rnglists
                0x00000085       0x2c ./Core/Src/main.o
 .debug_rnglists
                0x000000b1       0x4f ./Core/Src/motor_control.o
 .debug_rnglists
                0x00000100       0x44 ./Core/Src/states_handling.o
 .debug_rnglists
                0x00000144       0x13 ./Core/Src/stm32f1xx_hal_msp.o
 .debug_rnglists
                0x00000157       0x43 ./Core/Src/stm32f1xx_it.o
 .debug_rnglists
                0x0000019a       0x1a ./Core/Src/system_stm32f1xx.o
 .debug_rnglists
                0x000001b4       0x27 ./Core/Src/tim.o
 .debug_rnglists
                0x000001db       0x20 ./Core/Src/usart.o
 .debug_rnglists
                0x000001fb       0x19 ./Core/Startup/startup_stm32f103c8tx.o
 .debug_rnglists
                0x00000214       0xa3 ./Drivers/STM32F1xx_HAL_Driver/stm32f1xx_hal.o
 .debug_rnglists
                0x000002b7       0xbb ./Drivers/STM32F1xx_HAL_Driver/stm32f1xx_hal_cortex.o
 .debug_rnglists
                0x00000372       0x3f ./Drivers/STM32F1xx_HAL_Driver/stm32f1xx_hal_gpio.o
 .debug_rnglists
                0x000003b1       0x6c ./Drivers/STM32F1xx_HAL_Driver/stm32f1xx_hal_rcc.o
 .debug_rnglists
                0x0000041d      0x31a ./Drivers/STM32F1xx_HAL_Driver/stm32f1xx_hal_tim.o
 .debug_rnglists
                0x00000737      0x125 ./Drivers/STM32F1xx_HAL_Driver/stm32f1xx_hal_tim_ex.o
 .debug_rnglists
                0x0000085c      0x1bc ./Drivers/STM32F1xx_HAL_Driver/stm32f1xx_hal_uart.o

.debug_macro    0x00000000    0x18137
 .debug_macro   0x00000000       0x7b ./Core/Src/ESP32_comm.o
 .debug_macro   0x0000007b      0xacc ./Core/Src/ESP32_comm.o
 .debug_macro   0x00000b47       0x22 ./Core/Src/ESP32_comm.o
 .debug_macro   0x00000b69       0x8e ./Core/Src/ESP32_comm.o
 .debug_macro   0x00000bf7       0x51 ./Core/Src/ESP32_comm.o
 .debug_macro   0x00000c48      0x103 ./Core/Src/ESP32_comm.o
 .debug_macro   0x00000d4b       0x6a ./Core/Src/ESP32_comm.o
 .debug_macro   0x00000db5      0x1df ./Core/Src/ESP32_comm.o
 .debug_macro   0x00000f94       0x22 ./Core/Src/ESP32_comm.o
 .debug_macro   0x00000fb6       0x10 ./Core/Src/ESP32_comm.o
 .debug_macro   0x00000fc6       0x1b ./Core/Src/controllers.o
 .debug_macro   0x00000fe1      0x1b7 ./Core/Src/gpio.o
 .debug_macro   0x00001198      0x21b ./Core/Src/gpio.o
 .debug_macro   0x000013b3       0x2e ./Core/Src/gpio.o
 .debug_macro   0x000013e1       0x22 ./Core/Src/gpio.o
 .debug_macro   0x00001403       0x1c ./Core/Src/gpio.o
 .debug_macro   0x0000141f       0x22 ./Core/Src/gpio.o
 .debug_macro   0x00001441       0xbd ./Core/Src/gpio.o
 .debug_macro   0x000014fe      0xd23 ./Core/Src/gpio.o
 .debug_macro   0x00002221     0xe09e ./Core/Src/gpio.o
 .debug_macro   0x000102bf       0x6d ./Core/Src/gpio.o
 .debug_macro   0x0001032c     0x34a2 ./Core/Src/gpio.o
 .debug_macro   0x000137ce      0x190 ./Core/Src/gpio.o
 .debug_macro   0x0001395e       0x5c ./Core/Src/gpio.o
 .debug_macro   0x000139ba      0x5bc ./Core/Src/gpio.o
 .debug_macro   0x00013f76      0x289 ./Core/Src/gpio.o
 .debug_macro   0x000141ff      0x1cb ./Core/Src/gpio.o
 .debug_macro   0x000143ca      0x114 ./Core/Src/gpio.o
 .debug_macro   0x000144de      0x1b2 ./Core/Src/gpio.o
 .debug_macro   0x00014690       0x27 ./Core/Src/gpio.o
 .debug_macro   0x000146b7      0x136 ./Core/Src/gpio.o
 .debug_macro   0x000147ed      0x1bc ./Core/Src/gpio.o
 .debug_macro   0x000149a9       0x34 ./Core/Src/gpio.o
 .debug_macro   0x000149dd       0x3c ./Core/Src/gpio.o
 .debug_macro   0x00014a19       0x57 ./Core/Src/gpio.o
 .debug_macro   0x00014a70       0x87 ./Core/Src/gpio.o
 .debug_macro   0x00014af7      0x240 ./Core/Src/gpio.o
 .debug_macro   0x00014d37      0x140 ./Core/Src/gpio.o
 .debug_macro   0x00014e77      0x8ed ./Core/Src/gpio.o
 .debug_macro   0x00015764      0x28e ./Core/Src/gpio.o
 .debug_macro   0x000159f2       0x83 ./Core/Src/gpio.o
 .debug_macro   0x00015a75      0x1bb ./Core/Src/line_sensor_weight.o
 .debug_macro   0x00015c30       0x40 ./Core/Src/line_sensor_weight.o
 .debug_macro   0x00015c70      0x217 ./Core/Src/main.o
 .debug_macro   0x00015e87       0x46 ./Core/Src/main.o
 .debug_macro   0x00015ecd       0x34 ./Core/Src/main.o
 .debug_macro   0x00015f01      0x1e3 ./Core/Src/motor_control.o
 .debug_macro   0x000160e4      0x294 ./Core/Src/states_handling.o
 .debug_macro   0x00016378       0x61 ./Core/Src/states_handling.o
 .debug_macro   0x000163d9       0x24 ./Core/Src/states_handling.o
 .debug_macro   0x000163fd       0x43 ./Core/Src/states_handling.o
 .debug_macro   0x00016440       0x34 ./Core/Src/states_handling.o
 .debug_macro   0x00016474      0x370 ./Core/Src/states_handling.o
 .debug_macro   0x000167e4       0x16 ./Core/Src/states_handling.o
 .debug_macro   0x000167fa       0x4a ./Core/Src/states_handling.o
 .debug_macro   0x00016844       0x34 ./Core/Src/states_handling.o
 .debug_macro   0x00016878       0x10 ./Core/Src/states_handling.o
 .debug_macro   0x00016888       0x58 ./Core/Src/states_handling.o
 .debug_macro   0x000168e0       0x8e ./Core/Src/states_handling.o
 .debug_macro   0x0001696e       0x1c ./Core/Src/states_handling.o
 .debug_macro   0x0001698a      0x185 ./Core/Src/states_handling.o
 .debug_macro   0x00016b0f      0x19b ./Core/Src/states_handling.o
 .debug_macro   0x00016caa      0x1ad ./Core/Src/stm32f1xx_hal_msp.o
 .debug_macro   0x00016e57      0x1b7 ./Core/Src/stm32f1xx_it.o
 .debug_macro   0x0001700e      0x1a3 ./Core/Src/system_stm32f1xx.o
 .debug_macro   0x000171b1      0x1b7 ./Core/Src/tim.o
 .debug_macro   0x00017368      0x1b7 ./Core/Src/usart.o
 .debug_macro   0x0001751f      0x1c7 ./Drivers/STM32F1xx_HAL_Driver/stm32f1xx_hal.o
 .debug_macro   0x000176e6      0x1a3 ./Drivers/STM32F1xx_HAL_Driver/stm32f1xx_hal_cortex.o
 .debug_macro   0x00017889      0x20e ./Drivers/STM32F1xx_HAL_Driver/stm32f1xx_hal_gpio.o
 .debug_macro   0x00017a97      0x1b5 ./Drivers/STM32F1xx_HAL_Driver/stm32f1xx_hal_rcc.o
 .debug_macro   0x00017c4c      0x1a4 ./Drivers/STM32F1xx_HAL_Driver/stm32f1xx_hal_tim.o
 .debug_macro   0x00017df0      0x1a3 ./Drivers/STM32F1xx_HAL_Driver/stm32f1xx_hal_tim_ex.o
 .debug_macro   0x00017f93      0x1a4 ./Drivers/STM32F1xx_HAL_Driver/stm32f1xx_hal_uart.o

.debug_line     0x00000000    0x104eb
 .debug_line    0x00000000      0x51a ./Core/Src/ESP32_comm.o
 .debug_line    0x0000051a       0xea ./Core/Src/controllers.o
 .debug_line    0x00000604      0x7f0 ./Core/Src/gpio.o
 .debug_line    0x00000df4      0x8cf ./Core/Src/line_sensor_weight.o
 .debug_line    0x000016c3      0x923 ./Core/Src/main.o
 .debug_line    0x00001fe6      0x912 ./Core/Src/motor_control.o
 .debug_line    0x000028f8      0xae6 ./Core/Src/states_handling.o
 .debug_line    0x000033de      0x7d9 ./Core/Src/stm32f1xx_hal_msp.o
 .debug_line    0x00003bb7      0x887 ./Core/Src/stm32f1xx_it.o
 .debug_line    0x0000443e      0x857 ./Core/Src/system_stm32f1xx.o
 .debug_line    0x00004c95      0x8ab ./Core/Src/tim.o
 .debug_line    0x00005540      0x84c ./Core/Src/usart.o
 .debug_line    0x00005d8c       0x78 ./Core/Startup/startup_stm32f103c8tx.o
 .debug_line    0x00005e04      0xabf ./Drivers/STM32F1xx_HAL_Driver/stm32f1xx_hal.o
 .debug_line    0x000068c3      0xc89 ./Drivers/STM32F1xx_HAL_Driver/stm32f1xx_hal_cortex.o
 .debug_line    0x0000754c      0xb1c ./Drivers/STM32F1xx_HAL_Driver/stm32f1xx_hal_gpio.o
 .debug_line    0x00008068      0xf78 ./Drivers/STM32F1xx_HAL_Driver/stm32f1xx_hal_rcc.o
 .debug_line    0x00008fe0     0x35ad ./Drivers/STM32F1xx_HAL_Driver/stm32f1xx_hal_tim.o
 .debug_line    0x0000c58d     0x1983 ./Drivers/STM32F1xx_HAL_Driver/stm32f1xx_hal_tim_ex.o
 .debug_line    0x0000df10     0x25db ./Drivers/STM32F1xx_HAL_Driver/stm32f1xx_hal_uart.o

.debug_str      0x00000000    0x8a983
 .debug_str     0x00000000    0x8a983 ./Core/Src/ESP32_comm.o
                               0x3e93 (size before relaxing)
 .debug_str     0x0008a983     0x2ee1 ./Core/Src/controllers.o
 .debug_str     0x0008a983    0x837ec ./Core/Src/gpio.o
 .debug_str     0x0008a983    0x8397f ./Core/Src/line_sensor_weight.o
 .debug_str     0x0008a983    0x84184 ./Core/Src/main.o
 .debug_str     0x0008a983    0x83dcd ./Core/Src/motor_control.o
 .debug_str     0x0008a983    0x87593 ./Core/Src/states_handling.o
 .debug_str     0x0008a983    0x83774 ./Core/Src/stm32f1xx_hal_msp.o
 .debug_str     0x0008a983    0x83789 ./Core/Src/stm32f1xx_it.o
 .debug_str     0x0008a983    0x8379f ./Core/Src/system_stm32f1xx.o
 .debug_str     0x0008a983    0x83dff ./Core/Src/tim.o
 .debug_str     0x0008a983    0x83c34 ./Core/Src/usart.o
 .debug_str     0x0008a983       0x80 ./Core/Startup/startup_stm32f103c8tx.o
 .debug_str     0x0008a983    0x83f09 ./Drivers/STM32F1xx_HAL_Driver/stm32f1xx_hal.o
 .debug_str     0x0008a983    0x83e55 ./Drivers/STM32F1xx_HAL_Driver/stm32f1xx_hal_cortex.o
 .debug_str     0x0008a983    0x83b5c ./Drivers/STM32F1xx_HAL_Driver/stm32f1xx_hal_gpio.o
 .debug_str     0x0008a983    0x83c05 ./Drivers/STM32F1xx_HAL_Driver/stm32f1xx_hal_rcc.o
 .debug_str     0x0008a983    0x84c07 ./Drivers/STM32F1xx_HAL_Driver/stm32f1xx_hal_tim.o
 .debug_str     0x0008a983    0x84413 ./Drivers/STM32F1xx_HAL_Driver/stm32f1xx_hal_tim_ex.o
 .debug_str     0x0008a983    0x84276 ./Drivers/STM32F1xx_HAL_Driver/stm32f1xx_hal_uart.o

.comment        0x00000000       0x43
 .comment       0x00000000       0x43 ./Core/Src/ESP32_comm.o
                                 0x44 (size before relaxing)
 .comment       0x00000043       0x44 ./Core/Src/controllers.o
 .comment       0x00000043       0x44 ./Core/Src/gpio.o
 .comment       0x00000043       0x44 ./Core/Src/line_sensor_weight.o
 .comment       0x00000043       0x44 ./Core/Src/main.o
 .comment       0x00000043       0x44 ./Core/Src/motor_control.o
 .comment       0x00000043       0x44 ./Core/Src/states_handling.o
 .comment       0x00000043       0x44 ./Core/Src/stm32f1xx_hal_msp.o
 .comment       0x00000043       0x44 ./Core/Src/stm32f1xx_it.o
 .comment       0x00000043       0x44 ./Core/Src/system_stm32f1xx.o
 .comment       0x00000043       0x44 ./Core/Src/tim.o
 .comment       0x00000043       0x44 ./Core/Src/usart.o
 .comment       0x00000043       0x44 ./Drivers/STM32F1xx_HAL_Driver/stm32f1xx_hal.o
 .comment       0x00000043       0x44 ./Drivers/STM32F1xx_HAL_Driver/stm32f1xx_hal_cortex.o
 .comment       0x00000043       0x44 ./Drivers/STM32F1xx_HAL_Driver/stm32f1xx_hal_gpio.o
 .comment       0x00000043       0x44 ./Drivers/STM32F1xx_HAL_Driver/stm32f1xx_hal_rcc.o
 .comment       0x00000043       0x44 ./Drivers/STM32F1xx_HAL_Driver/stm32f1xx_hal_tim.o
 .comment       0x00000043       0x44 ./Drivers/STM32F1xx_HAL_Driver/stm32f1xx_hal_tim_ex.o
 .comment       0x00000043       0x44 ./Drivers/STM32F1xx_HAL_Driver/stm32f1xx_hal_uart.o

.debug_frame    0x00000000     0x36bc
 .debug_frame   0x00000000       0xd4 ./Core/Src/ESP32_comm.o
 .debug_frame   0x000000d4       0x88 ./Core/Src/controllers.o
 .debug_frame   0x0000015c       0x34 ./Core/Src/gpio.o
 .debug_frame   0x00000190       0xa4 ./Core/Src/line_sensor_weight.o
 .debug_frame   0x00000234       0xb0 ./Core/Src/main.o
 .debug_frame   0x000002e4      0x174 ./Core/Src/motor_control.o
 .debug_frame   0x00000458      0x158 ./Core/Src/states_handling.o
 .debug_frame   0x000005b0       0x38 ./Core/Src/stm32f1xx_hal_msp.o
 .debug_frame   0x000005e8      0x104 ./Core/Src/stm32f1xx_it.o
 .debug_frame   0x000006ec       0x58 ./Core/Src/system_stm32f1xx.o
 .debug_frame   0x00000744       0xa8 ./Core/Src/tim.o
 .debug_frame   0x000007ec       0x74 ./Core/Src/usart.o
 .debug_frame   0x00000860      0x334 ./Drivers/STM32F1xx_HAL_Driver/stm32f1xx_hal.o
 .debug_frame   0x00000b94      0x428 ./Drivers/STM32F1xx_HAL_Driver/stm32f1xx_hal_cortex.o
 .debug_frame   0x00000fbc      0x14c ./Drivers/STM32F1xx_HAL_Driver/stm32f1xx_hal_gpio.o
 .debug_frame   0x00001108      0x218 ./Drivers/STM32F1xx_HAL_Driver/stm32f1xx_hal_rcc.o
 .debug_frame   0x00001320     0x11b8 ./Drivers/STM32F1xx_HAL_Driver/stm32f1xx_hal_tim.o
 .debug_frame   0x000024d8      0x638 ./Drivers/STM32F1xx_HAL_Driver/stm32f1xx_hal_tim_ex.o
 .debug_frame   0x00002b10      0x944 ./Drivers/STM32F1xx_HAL_Driver/stm32f1xx_hal_uart.o
 .debug_frame   0x00003454       0x20 C:/ST/STM32CubeIDE_1.19.0/STM32CubeIDE/plugins/com.st.stm32cube.ide.mcu.externaltools.gnu-tools-for-stm32.13.3.rel1.win32_1.0.0.202411081344/tools/bin/../lib/gcc/arm-none-eabi/13.3.1/../../../../arm-none-eabi/lib/thumb/v7-m/nofp\libc_nano.a(libc_a-memset.o)
 .debug_frame   0x00003474       0x2c C:/ST/STM32CubeIDE_1.19.0/STM32CubeIDE/plugins/com.st.stm32cube.ide.mcu.externaltools.gnu-tools-for-stm32.13.3.rel1.win32_1.0.0.202411081344/tools/bin/../lib/gcc/arm-none-eabi/13.3.1/../../../../arm-none-eabi/lib/thumb/v7-m/nofp\libc_nano.a(libc_a-init.o)
 .debug_frame   0x000034a0       0xac C:/ST/STM32CubeIDE_1.19.0/STM32CubeIDE/plugins/com.st.stm32cube.ide.mcu.externaltools.gnu-tools-for-stm32.13.3.rel1.win32_1.0.0.202411081344/tools/bin/../lib/gcc/arm-none-eabi/13.3.1/thumb/v7-m/nofp\libgcc.a(_arm_addsubdf3.o)
 .debug_frame   0x0000354c       0x4c C:/ST/STM32CubeIDE_1.19.0/STM32CubeIDE/plugins/com.st.stm32cube.ide.mcu.externaltools.gnu-tools-for-stm32.13.3.rel1.win32_1.0.0.202411081344/tools/bin/../lib/gcc/arm-none-eabi/13.3.1/thumb/v7-m/nofp\libgcc.a(_arm_addsubsf3.o)
 .debug_frame   0x00003598       0x38 C:/ST/STM32CubeIDE_1.19.0/STM32CubeIDE/plugins/com.st.stm32cube.ide.mcu.externaltools.gnu-tools-for-stm32.13.3.rel1.win32_1.0.0.202411081344/tools/bin/../lib/gcc/arm-none-eabi/13.3.1/thumb/v7-m/nofp\libgcc.a(_arm_muldivsf3.o)
 .debug_frame   0x000035d0       0xc8 C:/ST/STM32CubeIDE_1.19.0/STM32CubeIDE/plugins/com.st.stm32cube.ide.mcu.externaltools.gnu-tools-for-stm32.13.3.rel1.win32_1.0.0.202411081344/tools/bin/../lib/gcc/arm-none-eabi/13.3.1/thumb/v7-m/nofp\libgcc.a(_arm_cmpsf2.o)
 .debug_frame   0x00003698       0x24 C:/ST/STM32CubeIDE_1.19.0/STM32CubeIDE/plugins/com.st.stm32cube.ide.mcu.externaltools.gnu-tools-for-stm32.13.3.rel1.win32_1.0.0.202411081344/tools/bin/../lib/gcc/arm-none-eabi/13.3.1/thumb/v7-m/nofp\libgcc.a(_arm_fixunssfsi.o)

.debug_line_str
                0x00000000       0x64
 .debug_line_str
                0x00000000       0x64 ./Core/Startup/startup_stm32f103c8tx.o
